[debug] [2026-08-06T06:53:27.926Z] ----------------------------------------------------------------------
[debug] [2026-08-06T06:53:27.930Z] Command:       C:\Program Files\nodejs\node.exe C:\Users\hk626\AppData\Roaming\npm\node_modules\firebase-tools\lib\bin\firebase.js deploy --only functions
[debug] [2026-08-06T06:53:27.930Z] CLI Version:   15.14.0
[debug] [2026-08-06T06:53:27.930Z] Platform:      win32
[debug] [2026-08-06T06:53:27.930Z] Node Version:  v24.14.1
[debug] [2026-08-06T06:53:27.930Z] Time:          Thu Aug 06 2026 15:53:27 GMT+0900 (日本標準時)
[debug] [2026-08-06T06:53:27.930Z] ----------------------------------------------------------------------
[debug] 
[debug] [2026-08-06T06:53:28.893Z] > command requires scopes: ["email","openid","https://www.googleapis.com/auth/cloudplatformprojects.readonly","https://www.googleapis.com/auth/firebase","https://www.googleapis.com/auth/cloud-platform"]
[debug] [2026-08-06T06:53:28.894Z] > authorizing via signed-in user (quantum.link.study.kamo@gmail.com)
[debug] [2026-08-06T06:53:28.894Z] [iam] checking project qul-food-ai for permissions ["cloudfunctions.functions.create","cloudfunctions.functions.delete","cloudfunctions.functions.get","cloudfunctions.functions.list","cloudfunctions.functions.update","cloudfunctions.operations.get","firebase.projects.get"]
[debug] [2026-08-06T06:53:28.895Z] Checked if tokens are valid: true, expires at: 1786002392869
[debug] [2026-08-06T06:53:28.895Z] Checked if tokens are valid: true, expires at: 1786002392869
[debug] [2026-08-06T06:53:28.895Z] >>> [apiv2][query] POST https://cloudresourcemanager.googleapis.com/v1/projects/qul-food-ai:testIamPermissions [none]
[debug] [2026-08-06T06:53:28.895Z] >>> [apiv2][(partial)header] POST https://cloudresourcemanager.googleapis.com/v1/projects/qul-food-ai:testIamPermissions  x-goog-user-project=qul-food-ai
[debug] [2026-08-06T06:53:28.896Z] >>> [apiv2][body] POST https://cloudresourcemanager.googleapis.com/v1/projects/qul-food-ai:testIamPermissions {"permissions":["cloudfunctions.functions.create","cloudfunctions.functions.delete","cloudfunctions.functions.get","cloudfunctions.functions.list","cloudfunctions.functions.update","cloudfunctions.operations.get","firebase.projects.get"]}
[debug] [2026-08-06T06:53:29.551Z] <<< [apiv2][status] POST https://cloudresourcemanager.googleapis.com/v1/projects/qul-food-ai:testIamPermissions 200
[debug] [2026-08-06T06:53:29.551Z] <<< [apiv2][body] POST https://cloudresourcemanager.googleapis.com/v1/projects/qul-food-ai:testIamPermissions {"permissions":["cloudfunctions.functions.create","cloudfunctions.functions.delete","cloudfunctions.functions.get","cloudfunctions.functions.list","cloudfunctions.functions.update","cloudfunctions.operations.get","firebase.projects.get"]}
[debug] [2026-08-06T06:53:29.552Z] Checked if tokens are valid: true, expires at: 1786002392869
[debug] [2026-08-06T06:53:29.552Z] Checked if tokens are valid: true, expires at: 1786002392869
[debug] [2026-08-06T06:53:29.552Z] >>> [apiv2][query] POST https://iam.googleapis.com/v1/projects/qul-food-ai/serviceAccounts/qul-food-ai@appspot.gserviceaccount.com:testIamPermissions [none]
[debug] [2026-08-06T06:53:29.552Z] >>> [apiv2][body] POST https://iam.googleapis.com/v1/projects/qul-food-ai/serviceAccounts/qul-food-ai@appspot.gserviceaccount.com:testIamPermissions {"permissions":["iam.serviceAccounts.actAs"]}
[debug] [2026-08-06T06:53:30.470Z] <<< [apiv2][status] POST https://iam.googleapis.com/v1/projects/qul-food-ai/serviceAccounts/qul-food-ai@appspot.gserviceaccount.com:testIamPermissions 200
[debug] [2026-08-06T06:53:30.470Z] <<< [apiv2][body] POST https://iam.googleapis.com/v1/projects/qul-food-ai/serviceAccounts/qul-food-ai@appspot.gserviceaccount.com:testIamPermissions {"permissions":["iam.serviceAccounts.actAs"]}
[info] 
[info] === Deploying to 'qul-food-ai'...
[info] 
[info] i  deploying functions 
[debug] [2026-08-06T06:53:30.476Z] Checked if tokens are valid: true, expires at: 1786002392869
[debug] [2026-08-06T06:53:30.476Z] Checked if tokens are valid: true, expires at: 1786002392869
[debug] [2026-08-06T06:53:30.477Z] >>> [apiv2][query] GET https://cloudresourcemanager.googleapis.com/v1/projects/qul-food-ai [none]
[debug] [2026-08-06T06:53:30.645Z] <<< [apiv2][status] GET https://cloudresourcemanager.googleapis.com/v1/projects/qul-food-ai 200
[debug] [2026-08-06T06:53:30.645Z] <<< [apiv2][body] GET https://cloudresourcemanager.googleapis.com/v1/projects/qul-food-ai {"projectNumber":"664053366877","projectId":"qul-food-ai","lifecycleState":"ACTIVE","name":"QUL Food AI","labels":{"firebase":"enabled","firebase-core":"disabled"},"createTime":"2026-07-31T01:20:05.530Z"}
[info] i  functions: preparing codebase default for deployment 
[info] i  functions: ensuring required API cloudfunctions.googleapis.com is enabled... 
[info] i  functions: ensuring required API cloudbuild.googleapis.com is enabled... 
[info] i  artifactregistry: ensuring required API artifactregistry.googleapis.com is enabled... 
[debug] [2026-08-06T06:53:30.652Z] Checked if tokens are valid: true, expires at: 1786002392869
[debug] [2026-08-06T06:53:30.653Z] Checked if tokens are valid: true, expires at: 1786002392869
[debug] [2026-08-06T06:53:30.653Z] >>> [apiv2][query] GET https://firebase.googleapis.com/v1beta1/projects/qul-food-ai/adminSdkConfig [none]
[debug] [2026-08-06T06:53:31.290Z] <<< [apiv2][status] GET https://firebase.googleapis.com/v1beta1/projects/qul-food-ai/adminSdkConfig 200
[debug] [2026-08-06T06:53:31.290Z] <<< [apiv2][body] GET https://firebase.googleapis.com/v1beta1/projects/qul-food-ai/adminSdkConfig {"projectId":"qul-food-ai","storageBucket":"qul-food-ai.firebasestorage.app"}
[debug] [2026-08-06T06:53:31.292Z] Validating nodejs source
[debug] [2026-08-06T06:53:32.545Z] > [functions] package.json contents: {
  "name": "functions",
  "description": "Cloud Functions for Firebase",
  "scripts": {
    "lint": "eslint .",
    "serve": "firebase emulators:start --only functions",
    "shell": "firebase functions:shell",
    "start": "npm run shell",
    "deploy": "firebase deploy --only functions",
    "logs": "firebase functions:log"
  },
  "engines": {
    "node": "24"
  },
  "main": "index.js",
  "dependencies": {
    "firebase-admin": "^13.6.0",
    "firebase-functions": "^7.0.0"
  },
  "devDependencies": {
    "eslint": "^8.15.0",
    "eslint-config-google": "^0.14.0",
    "firebase-functions-test": "^3.4.1"
  },
  "private": true
}
[debug] [2026-08-06T06:53:32.545Z] Building nodejs source
[info] i  functions: Loading and analyzing source code for codebase default to determine what to deploy 
[debug] [2026-08-06T06:53:32.547Z] Could not find functions.yaml. Must use http discovery
[debug] [2026-08-06T06:53:32.567Z] Found firebase-functions binary at 'C:\Users\hk626\qul-food-ai\functions\node_modules\.bin\firebase-functions'
[info] Serving at port 8526

[debug] [2026-08-06T06:53:33.340Z] Got response from /__/functions.yaml {"endpoints":{"testNotification":{"availableMemoryMb":null,"timeoutSeconds":null,"minInstances":null,"maxInstances":null,"ingressSettings":null,"concurrency":null,"serviceAccountEmail":null,"vpc":null,"platform":"gcfv2","labels":{},"httpsTrigger":{},"entryPoint":"testNotification"}},"specVersion":"v1alpha1","requiredAPIs":[],"extensions":{}}
[info] i  extensions: ensuring required API firebaseextensions.googleapis.com is enabled... 
[debug] [2026-08-06T06:53:37.423Z] > command requires scopes: ["email","openid","https://www.googleapis.com/auth/cloudplatformprojects.readonly","https://www.googleapis.com/auth/firebase","https://www.googleapis.com/auth/cloud-platform"]
[debug] [2026-08-06T06:53:37.424Z] > authorizing via signed-in user (quantum.link.study.kamo@gmail.com)
[debug] [2026-08-06T06:53:37.424Z] [iam] checking project qul-food-ai for permissions ["firebase.projects.get","firebaseextensions.instances.list"]
[debug] [2026-08-06T06:53:37.424Z] Checked if tokens are valid: true, expires at: 1786002392869
[debug] [2026-08-06T06:53:37.424Z] Checked if tokens are valid: true, expires at: 1786002392869
[debug] [2026-08-06T06:53:37.424Z] >>> [apiv2][query] POST https://cloudresourcemanager.googleapis.com/v1/projects/qul-food-ai:testIamPermissions [none]
[debug] [2026-08-06T06:53:37.424Z] >>> [apiv2][(partial)header] POST https://cloudresourcemanager.googleapis.com/v1/projects/qul-food-ai:testIamPermissions  x-goog-user-project=qul-food-ai
[debug] [2026-08-06T06:53:37.424Z] >>> [apiv2][body] POST https://cloudresourcemanager.googleapis.com/v1/projects/qul-food-ai:testIamPermissions {"permissions":["firebase.projects.get","firebaseextensions.instances.list"]}
[debug] [2026-08-06T06:53:38.040Z] <<< [apiv2][status] POST https://cloudresourcemanager.googleapis.com/v1/projects/qul-food-ai:testIamPermissions 200
[debug] [2026-08-06T06:53:38.041Z] <<< [apiv2][body] POST https://cloudresourcemanager.googleapis.com/v1/projects/qul-food-ai:testIamPermissions {"permissions":["firebase.projects.get","firebaseextensions.instances.list"]}
[debug] [2026-08-06T06:53:38.041Z] Checked if tokens are valid: true, expires at: 1786002392869
[debug] [2026-08-06T06:53:38.041Z] Checked if tokens are valid: true, expires at: 1786002392869
[debug] [2026-08-06T06:53:38.042Z] >>> [apiv2][query] GET https://firebaseextensions.googleapis.com/v1beta/projects/qul-food-ai/instances pageSize=100&pageToken=
[debug] [2026-08-06T06:53:40.425Z] <<< [apiv2][status] GET https://firebaseextensions.googleapis.com/v1beta/projects/qul-food-ai/instances 200
[debug] [2026-08-06T06:53:40.426Z] <<< [apiv2][body] GET https://firebaseextensions.googleapis.com/v1beta/projects/qul-food-ai/instances {}
[info] i  functions: preparing functions directory for uploading... 
[info] i  functions: packaged C:\Users\hk626\qul-food-ai\functions (78.62 KB) for uploading 
[debug] [2026-08-06T06:53:40.455Z] Checked if tokens are valid: true, expires at: 1786002392869
[debug] [2026-08-06T06:53:40.455Z] Checked if tokens are valid: true, expires at: 1786002392869
[debug] [2026-08-06T06:53:40.455Z] >>> [apiv2][query] GET https://cloudfunctions.googleapis.com/v1/projects/qul-food-ai/locations/-/functions [none]
[debug] [2026-08-06T06:53:41.457Z] <<< [apiv2][status] GET https://cloudfunctions.googleapis.com/v1/projects/qul-food-ai/locations/-/functions 200
[debug] [2026-08-06T06:53:41.458Z] <<< [apiv2][body] GET https://cloudfunctions.googleapis.com/v1/projects/qul-food-ai/locations/-/functions {}
[debug] [2026-08-06T06:53:41.459Z] Checked if tokens are valid: true, expires at: 1786002392869
[debug] [2026-08-06T06:53:41.459Z] Checked if tokens are valid: true, expires at: 1786002392869
[debug] [2026-08-06T06:53:41.459Z] >>> [apiv2][query] GET https://cloudfunctions.googleapis.com/v2/projects/qul-food-ai/locations/-/functions filter=environment%3D%22GEN_2%22
[debug] [2026-08-06T06:53:42.870Z] <<< [apiv2][status] GET https://cloudfunctions.googleapis.com/v2/projects/qul-food-ai/locations/-/functions 200
[debug] [2026-08-06T06:53:42.870Z] <<< [apiv2][body] GET https://cloudfunctions.googleapis.com/v2/projects/qul-food-ai/locations/-/functions {}
[info] i  functions: ensuring required API run.googleapis.com is enabled... 
[debug] [2026-08-06T06:53:42.874Z] Checked if tokens are valid: true, expires at: 1786002392869
[debug] [2026-08-06T06:53:42.874Z] Checked if tokens are valid: true, expires at: 1786002392869
[info] i  functions: ensuring required API eventarc.googleapis.com is enabled... 
[debug] [2026-08-06T06:53:42.875Z] Checked if tokens are valid: true, expires at: 1786002392869
[debug] [2026-08-06T06:53:42.875Z] Checked if tokens are valid: true, expires at: 1786002392869
[info] i  functions: ensuring required API pubsub.googleapis.com is enabled... 
[debug] [2026-08-06T06:53:42.876Z] Checked if tokens are valid: true, expires at: 1786002392869
[debug] [2026-08-06T06:53:42.876Z] Checked if tokens are valid: true, expires at: 1786002392869
[info] i  functions: ensuring required API storage.googleapis.com is enabled... 
[debug] [2026-08-06T06:53:42.877Z] Checked if tokens are valid: true, expires at: 1786002392869
[debug] [2026-08-06T06:53:42.877Z] Checked if tokens are valid: true, expires at: 1786002392869
[debug] [2026-08-06T06:53:42.877Z] >>> [apiv2][query] GET https://serviceusage.googleapis.com/v1/projects/664053366877/services/run.googleapis.com [none]
[debug] [2026-08-06T06:53:42.877Z] >>> [apiv2][(partial)header] GET https://serviceusage.googleapis.com/v1/projects/664053366877/services/run.googleapis.com  x-goog-user-project=664053366877
[debug] [2026-08-06T06:53:42.879Z] >>> [apiv2][query] GET https://serviceusage.googleapis.com/v1/projects/664053366877/services/eventarc.googleapis.com [none]
[debug] [2026-08-06T06:53:42.879Z] >>> [apiv2][(partial)header] GET https://serviceusage.googleapis.com/v1/projects/664053366877/services/eventarc.googleapis.com  x-goog-user-project=664053366877
[debug] [2026-08-06T06:53:42.881Z] >>> [apiv2][query] GET https://serviceusage.googleapis.com/v1/projects/664053366877/services/pubsub.googleapis.com [none]
[debug] [2026-08-06T06:53:42.881Z] >>> [apiv2][(partial)header] GET https://serviceusage.googleapis.com/v1/projects/664053366877/services/pubsub.googleapis.com  x-goog-user-project=664053366877
[debug] [2026-08-06T06:53:42.883Z] >>> [apiv2][query] GET https://serviceusage.googleapis.com/v1/projects/664053366877/services/storage.googleapis.com [none]
[debug] [2026-08-06T06:53:42.883Z] >>> [apiv2][(partial)header] GET https://serviceusage.googleapis.com/v1/projects/664053366877/services/storage.googleapis.com  x-goog-user-project=664053366877
[debug] [2026-08-06T06:53:43.851Z] <<< [apiv2][status] GET https://serviceusage.googleapis.com/v1/projects/664053366877/services/pubsub.googleapis.com 200
[debug] [2026-08-06T06:53:43.851Z] <<< [apiv2][body] GET https://serviceusage.googleapis.com/v1/projects/664053366877/services/pubsub.googleapis.com [omitted]
[info] +  functions: required API pubsub.googleapis.com is enabled 
[debug] [2026-08-06T06:53:43.919Z] <<< [apiv2][status] GET https://serviceusage.googleapis.com/v1/projects/664053366877/services/run.googleapis.com 200
[debug] [2026-08-06T06:53:43.919Z] <<< [apiv2][body] GET https://serviceusage.googleapis.com/v1/projects/664053366877/services/run.googleapis.com [omitted]
[warn] !  functions: missing required API run.googleapis.com. Enabling now... 
[debug] [2026-08-06T06:53:43.920Z] Checked if tokens are valid: true, expires at: 1786002392869
[debug] [2026-08-06T06:53:43.920Z] Checked if tokens are valid: true, expires at: 1786002392869
[debug] [2026-08-06T06:53:43.920Z] >>> [apiv2][query] POST https://serviceusage.googleapis.com/v1/projects/664053366877/services/run.googleapis.com:enable [none]
[debug] [2026-08-06T06:53:43.921Z] >>> [apiv2][(partial)header] POST https://serviceusage.googleapis.com/v1/projects/664053366877/services/run.googleapis.com:enable  x-goog-user-project=664053366877
[debug] [2026-08-06T06:53:43.923Z] <<< [apiv2][status] GET https://serviceusage.googleapis.com/v1/projects/664053366877/services/storage.googleapis.com 200
[debug] [2026-08-06T06:53:43.923Z] <<< [apiv2][body] GET https://serviceusage.googleapis.com/v1/projects/664053366877/services/storage.googleapis.com [omitted]
[info] +  functions: required API storage.googleapis.com is enabled 
[debug] [2026-08-06T06:53:43.934Z] <<< [apiv2][status] GET https://serviceusage.googleapis.com/v1/projects/664053366877/services/eventarc.googleapis.com 200
[debug] [2026-08-06T06:53:43.934Z] <<< [apiv2][body] GET https://serviceusage.googleapis.com/v1/projects/664053366877/services/eventarc.googleapis.com [omitted]
[warn] !  functions: missing required API eventarc.googleapis.com. Enabling now... 
[debug] [2026-08-06T06:53:43.935Z] Checked if tokens are valid: true, expires at: 1786002392869
[debug] [2026-08-06T06:53:43.935Z] Checked if tokens are valid: true, expires at: 1786002392869
[debug] [2026-08-06T06:53:43.935Z] >>> [apiv2][query] POST https://serviceusage.googleapis.com/v1/projects/664053366877/services/eventarc.googleapis.com:enable [none]
[debug] [2026-08-06T06:53:43.935Z] >>> [apiv2][(partial)header] POST https://serviceusage.googleapis.com/v1/projects/664053366877/services/eventarc.googleapis.com:enable  x-goog-user-project=664053366877
[debug] [2026-08-06T06:53:44.983Z] <<< [apiv2][status] POST https://serviceusage.googleapis.com/v1/projects/664053366877/services/eventarc.googleapis.com:enable 200
[debug] [2026-08-06T06:53:44.983Z] <<< [apiv2][body] POST https://serviceusage.googleapis.com/v1/projects/664053366877/services/eventarc.googleapis.com:enable [omitted]
[debug] [2026-08-06T06:53:45.175Z] <<< [apiv2][status] POST https://serviceusage.googleapis.com/v1/projects/664053366877/services/run.googleapis.com:enable 200
[debug] [2026-08-06T06:53:45.175Z] <<< [apiv2][body] POST https://serviceusage.googleapis.com/v1/projects/664053366877/services/run.googleapis.com:enable [omitted]
[info] i  functions: generating the service identity for pubsub.googleapis.com... 
[debug] [2026-08-06T06:53:55.191Z] Checked if tokens are valid: true, expires at: 1786002392869
[debug] [2026-08-06T06:53:55.192Z] Checked if tokens are valid: true, expires at: 1786002392869
[info] i  functions: generating the service identity for eventarc.googleapis.com... 
[debug] [2026-08-06T06:53:55.192Z] Checked if tokens are valid: true, expires at: 1786002392869
[debug] [2026-08-06T06:53:55.192Z] Checked if tokens are valid: true, expires at: 1786002392869
[debug] [2026-08-06T06:53:55.192Z] >>> [apiv2][query] POST https://serviceusage.googleapis.com/v1beta1/projects/664053366877/services/pubsub.googleapis.com:generateServiceIdentity [none]
[debug] [2026-08-06T06:53:55.192Z] >>> [apiv2][(partial)header] POST https://serviceusage.googleapis.com/v1beta1/projects/664053366877/services/pubsub.googleapis.com:generateServiceIdentity  x-goog-user-project=664053366877
[debug] [2026-08-06T06:53:55.192Z] >>> [apiv2][body] POST https://serviceusage.googleapis.com/v1beta1/projects/664053366877/services/pubsub.googleapis.com:generateServiceIdentity {}
[debug] [2026-08-06T06:53:55.195Z] >>> [apiv2][query] POST https://serviceusage.googleapis.com/v1beta1/projects/664053366877/services/eventarc.googleapis.com:generateServiceIdentity [none]
[debug] [2026-08-06T06:53:55.195Z] >>> [apiv2][(partial)header] POST https://serviceusage.googleapis.com/v1beta1/projects/664053366877/services/eventarc.googleapis.com:generateServiceIdentity  x-goog-user-project=664053366877
[debug] [2026-08-06T06:53:55.195Z] >>> [apiv2][body] POST https://serviceusage.googleapis.com/v1beta1/projects/664053366877/services/eventarc.googleapis.com:generateServiceIdentity {}
[debug] [2026-08-06T06:53:56.472Z] <<< [apiv2][status] POST https://serviceusage.googleapis.com/v1beta1/projects/664053366877/services/pubsub.googleapis.com:generateServiceIdentity 200
[debug] [2026-08-06T06:53:56.472Z] <<< [apiv2][body] POST https://serviceusage.googleapis.com/v1beta1/projects/664053366877/services/pubsub.googleapis.com:generateServiceIdentity {"name":"operations/finished.DONE_OPERATION","done":true,"response":{"@type":"type.googleapis.com/google.api.serviceusage.v1beta1.ServiceIdentity","email":"service-664053366877@gcp-sa-pubsub.iam.gserviceaccount.com","uniqueId":"112311961664544811017"}}
[debug] [2026-08-06T06:53:56.493Z] <<< [apiv2][status] POST https://serviceusage.googleapis.com/v1beta1/projects/664053366877/services/eventarc.googleapis.com:generateServiceIdentity 200
[debug] [2026-08-06T06:53:56.493Z] <<< [apiv2][body] POST https://serviceusage.googleapis.com/v1beta1/projects/664053366877/services/eventarc.googleapis.com:generateServiceIdentity {"name":"operations/finished.DONE_OPERATION","done":true,"response":{"@type":"type.googleapis.com/google.api.serviceusage.v1beta1.ServiceIdentity","email":"service-664053366877@gcp-sa-eventarc.iam.gserviceaccount.com","uniqueId":"109916507128136210062"}}
[debug] [2026-08-06T06:53:56.497Z] Checked if tokens are valid: true, expires at: 1786002392869
[debug] [2026-08-06T06:53:56.497Z] Checked if tokens are valid: true, expires at: 1786002392869
[debug] [2026-08-06T06:53:56.497Z] >>> [apiv2][query] GET https://cloudresourcemanager.googleapis.com/v1/projects/qul-food-ai [none]
[debug] [2026-08-06T06:53:57.199Z] <<< [apiv2][status] GET https://cloudresourcemanager.googleapis.com/v1/projects/qul-food-ai 200
[debug] [2026-08-06T06:53:57.199Z] <<< [apiv2][body] GET https://cloudresourcemanager.googleapis.com/v1/projects/qul-food-ai {"projectNumber":"664053366877","projectId":"qul-food-ai","lifecycleState":"ACTIVE","name":"QUL Food AI","labels":{"firebase":"enabled","firebase-core":"disabled"},"createTime":"2026-07-31T01:20:05.530Z"}
[debug] [2026-08-06T06:53:57.199Z] Checked if tokens are valid: true, expires at: 1786002392869
[debug] [2026-08-06T06:53:57.199Z] Checked if tokens are valid: true, expires at: 1786002392869
[debug] [2026-08-06T06:53:57.199Z] >>> [apiv2][query] GET https://compute.googleapis.com/compute/v1/projects/664053366877 [none]
[debug] [2026-08-06T06:53:57.561Z] <<< [apiv2][status] GET https://compute.googleapis.com/compute/v1/projects/664053366877 403
[debug] [2026-08-06T06:53:57.561Z] <<< [apiv2][body] GET https://compute.googleapis.com/compute/v1/projects/664053366877 {"error":{"code":403,"message":"Compute Engine API has not been used in project 664053366877 before or it is disabled. Enable it by visiting https://console.developers.google.com/apis/api/compute.googleapis.com/overview?project=664053366877 then retry. If you enabled this API recently, wait a few minutes for the action to propagate to our systems and retry.","errors":[{"message":"Compute Engine API has not been used in project 664053366877 before or it is disabled. Enable it by visiting https://console.developers.google.com/apis/api/compute.googleapis.com/overview?project=664053366877 then retry. If you enabled this API recently, wait a few minutes for the action to propagate to our systems and retry.","domain":"usageLimits","reason":"accessNotConfigured","extendedHelp":"https://console.developers.google.com"}],"status":"PERMISSION_DENIED","details":[{"@type":"type.googleapis.com/google.rpc.ErrorInfo","reason":"SERVICE_DISABLED","domain":"googleapis.com","metadata":{"containerInfo":"664053366877","activationUrl":"https://console.developers.google.com/apis/api/compute.googleapis.com/overview?project=664053366877","consumer":"projects/664053366877","serviceTitle":"Compute Engine API","service":"compute.googleapis.com"}},{"@type":"type.googleapis.com/google.rpc.LocalizedMessage","locale":"en-US","message":"Compute Engine API has not been used in project 664053366877 before or it is disabled. Enable it by visiting https://console.developers.google.com/apis/api/compute.googleapis.com/overview?project=664053366877 then retry. If you enabled this API recently, wait a few minutes for the action to propagate to our systems and retry."},{"@type":"type.googleapis.com/google.rpc.Help","links":[{"description":"Google developers console API activation","url":"https://console.developers.google.com/apis/api/compute.googleapis.com/overview?project=664053366877"}]}]}}
[debug] [2026-08-06T06:53:57.562Z] unable to look up default compute service account. Falling back to 664053366877-compute@developer.gserviceaccount.com. Error: {"name":"FirebaseError","children":[],"context":{"body":{"error":{"code":403,"message":"Compute Engine API has not been used in project 664053366877 before or it is disabled. Enable it by visiting https://console.developers.google.com/apis/api/compute.googleapis.com/overview?project=664053366877 then retry. If you enabled this API recently, wait a few minutes for the action to propagate to our systems and retry.","errors":[{"message":"Compute Engine API has not been used in project 664053366877 before or it is disabled. Enable it by visiting https://console.developers.google.com/apis/api/compute.googleapis.com/overview?project=664053366877 then retry. If you enabled this API recently, wait a few minutes for the action to propagate to our systems and retry.","domain":"usageLimits","reason":"accessNotConfigured","extendedHelp":"https://console.developers.google.com"}],"status":"PERMISSION_DENIED","details":[{"@type":"type.googleapis.com/google.rpc.ErrorInfo","reason":"SERVICE_DISABLED","domain":"googleapis.com","metadata":{"containerInfo":"664053366877","activationUrl":"https://console.developers.google.com/apis/api/compute.googleapis.com/overview?project=664053366877","consumer":"projects/664053366877","serviceTitle":"Compute Engine API","service":"compute.googleapis.com"}},{"@type":"type.googleapis.com/google.rpc.LocalizedMessage","locale":"en-US","message":"Compute Engine API has not been used in project 664053366877 before or it is disabled. Enable it by visiting https://console.developers.google.com/apis/api/compute.googleapis.com/overview?project=664053366877 then retry. If you enabled this API recently, wait a few minutes for the action to propagate to our systems and retry."},{"@type":"type.googleapis.com/google.rpc.Help","links":[{"description":"Google developers console API activation","url":"https://console.developers.google.com/apis/api/compute.googleapis.com/overview?project=664053366877"}]}]}},"response":{"statusCode":403}},"exit":1,"message":"Request to https://compute.googleapis.com/compute/v1/projects/664053366877 had HTTP Error: 403, Compute Engine API has not been used in project 664053366877 before or it is disabled. Enable it by visiting https://console.developers.google.com/apis/api/compute.googleapis.com/overview?project=664053366877 then retry. If you enabled this API recently, wait a few minutes for the action to propagate to our systems and retry.","status":403}
[debug] [2026-08-06T06:53:57.562Z] Checked if tokens are valid: true, expires at: 1786002392869
[debug] [2026-08-06T06:53:57.562Z] Checked if tokens are valid: true, expires at: 1786002392869
[debug] [2026-08-06T06:53:57.562Z] >>> [apiv2][query] GET https://cloudbilling.googleapis.com/v1/projects/qul-food-ai/billingInfo [none]
[debug] [2026-08-06T06:53:57.904Z] <<< [apiv2][status] GET https://cloudbilling.googleapis.com/v1/projects/qul-food-ai/billingInfo 200
[debug] [2026-08-06T06:53:57.904Z] <<< [apiv2][body] GET https://cloudbilling.googleapis.com/v1/projects/qul-food-ai/billingInfo {"name":"projects/qul-food-ai/billingInfo","projectId":"qul-food-ai","billingAccountName":"billingAccounts/01BC25-BCD319-301E8E","billingEnabled":true}
[debug] [2026-08-06T06:53:57.905Z] [functions] found 1 new HTTP functions, testing setIamPolicy permission...
[debug] [2026-08-06T06:53:57.905Z] Checked if tokens are valid: true, expires at: 1786002392869
[debug] [2026-08-06T06:53:57.905Z] Checked if tokens are valid: true, expires at: 1786002392869
[debug] [2026-08-06T06:53:57.905Z] >>> [apiv2][query] POST https://cloudresourcemanager.googleapis.com/v1/projects/qul-food-ai:testIamPermissions [none]
[debug] [2026-08-06T06:53:57.905Z] >>> [apiv2][(partial)header] POST https://cloudresourcemanager.googleapis.com/v1/projects/qul-food-ai:testIamPermissions  x-goog-user-project=qul-food-ai
[debug] [2026-08-06T06:53:57.905Z] >>> [apiv2][body] POST https://cloudresourcemanager.googleapis.com/v1/projects/qul-food-ai:testIamPermissions {"permissions":["cloudfunctions.functions.setIamPolicy"]}
[debug] [2026-08-06T06:53:58.052Z] <<< [apiv2][status] POST https://cloudresourcemanager.googleapis.com/v1/projects/qul-food-ai:testIamPermissions 200
[debug] [2026-08-06T06:53:58.053Z] <<< [apiv2][body] POST https://cloudresourcemanager.googleapis.com/v1/projects/qul-food-ai:testIamPermissions {"permissions":["cloudfunctions.functions.setIamPolicy"]}
[debug] [2026-08-06T06:53:58.053Z] [functions] found setIamPolicy permission, proceeding with deploy
[debug] [2026-08-06T06:53:58.053Z] Checked if tokens are valid: true, expires at: 1786002392869
[debug] [2026-08-06T06:53:58.053Z] Checked if tokens are valid: true, expires at: 1786002392869
[debug] [2026-08-06T06:53:58.053Z] >>> [apiv2][query] POST https://cloudfunctions.googleapis.com/v2/projects/qul-food-ai/locations/us-central1/functions:generateUploadUrl [none]
[debug] [2026-08-06T06:54:00.258Z] <<< [apiv2][status] POST https://cloudfunctions.googleapis.com/v2/projects/qul-food-ai/locations/us-central1/functions:generateUploadUrl 200
[debug] [2026-08-06T06:54:00.258Z] <<< [apiv2][body] POST https://cloudfunctions.googleapis.com/v2/projects/qul-food-ai/locations/us-central1/functions:generateUploadUrl {"uploadUrl":"https://storage.googleapis.com/gcf-v2-uploads-664053366877.us-central1.cloudfunctions.appspot.com/b920bb2d-eec4-4dc6-b7cb-038b85e7f9f8.zip?GoogleAccessId=service-664053366877@gcf-admin-robot.iam.gserviceaccount.com&Expires=1786001045&Signature=gzVA2WjwVZlfxdXYGEtBjxeNI0lzN4phFhTKK2NJy10Nb52VzVPxtwPQzCPW5qmlkWLfJwztw7qUnI9%2FkTw1JNFwjKafFkwXUcDrAq436DfU9RxsOQZXdEVlcE6bt2VHr2AImNdjvtmVCrVQlMMu27gjBsalmzoEQbgSAoTOM7INq8Yc6OdiZzfOS1E6pzGLFWTIMdPckjdyhNpRivnqjEctGtq617vZ6GoLbJbIhwURB8I1t6sjVJGUPU0rPcYXt6fhkQ89misXr2HMe1B7YiX6wriHRC1gFl3lzrn4SGQ5bd6pH6Vb3LQDkwez32QZWs%2FC52YCtPPJmYyuvdh4Sw%3D%3D","storageSource":{"bucket":"gcf-v2-uploads-664053366877.us-central1.cloudfunctions.appspot.com","object":"b920bb2d-eec4-4dc6-b7cb-038b85e7f9f8.zip"}}
[debug] [2026-08-06T06:54:00.259Z] >>> [apiv2][query] PUT https://storage.googleapis.com/gcf-v2-uploads-664053366877.us-central1.cloudfunctions.appspot.com/b920bb2d-eec4-4dc6-b7cb-038b85e7f9f8.zip GoogleAccessId=service-664053366877%40gcf-admin-robot.iam.gserviceaccount.com&Expires=1786001045&Signature=gzVA2WjwVZlfxdXYGEtBjxeNI0lzN4phFhTKK2NJy10Nb52VzVPxtwPQzCPW5qmlkWLfJwztw7qUnI9%2FkTw1JNFwjKafFkwXUcDrAq436DfU9RxsOQZXdEVlcE6bt2VHr2AImNdjvtmVCrVQlMMu27gjBsalmzoEQbgSAoTOM7INq8Yc6OdiZzfOS1E6pzGLFWTIMdPckjdyhNpRivnqjEctGtq617vZ6GoLbJbIhwURB8I1t6sjVJGUPU0rPcYXt6fhkQ89misXr2HMe1B7YiX6wriHRC1gFl3lzrn4SGQ5bd6pH6Vb3LQDkwez32QZWs%2FC52YCtPPJmYyuvdh4Sw%3D%3D
[debug] [2026-08-06T06:54:00.259Z] >>> [apiv2][body] PUT https://storage.googleapis.com/gcf-v2-uploads-664053366877.us-central1.cloudfunctions.appspot.com/b920bb2d-eec4-4dc6-b7cb-038b85e7f9f8.zip [stream]
[debug] [2026-08-06T06:54:00.778Z] <<< [apiv2][status] PUT https://storage.googleapis.com/gcf-v2-uploads-664053366877.us-central1.cloudfunctions.appspot.com/b920bb2d-eec4-4dc6-b7cb-038b85e7f9f8.zip 200
[debug] [2026-08-06T06:54:00.779Z] <<< [apiv2][body] PUT https://storage.googleapis.com/gcf-v2-uploads-664053366877.us-central1.cloudfunctions.appspot.com/b920bb2d-eec4-4dc6-b7cb-038b85e7f9f8.zip [omitted]
[info] +  functions: functions source uploaded successfully 
[info] i  functions: creating Node.js 24 (2nd Gen) function testNotification(us-central1)... 
[debug] [2026-08-06T06:54:00.785Z] Checked if tokens are valid: true, expires at: 1786002392869
[debug] [2026-08-06T06:54:00.785Z] Checked if tokens are valid: true, expires at: 1786002392869
[debug] [2026-08-06T06:54:00.785Z] >>> [apiv2][query] POST https://cloudfunctions.googleapis.com/v2/projects/qul-food-ai/locations/us-central1/functions functionId=testNotification
[debug] [2026-08-06T06:54:00.785Z] >>> [apiv2][body] POST https://cloudfunctions.googleapis.com/v2/projects/qul-food-ai/locations/us-central1/functions {"name":"projects/qul-food-ai/locations/us-central1/functions/testNotification","buildConfig":{"runtime":"nodejs24","entryPoint":"testNotification","source":{"storageSource":{"bucket":"gcf-v2-uploads-664053366877.us-central1.cloudfunctions.appspot.com","object":"b920bb2d-eec4-4dc6-b7cb-038b85e7f9f8.zip"}},"environmentVariables":{"GOOGLE_NODE_RUN_SCRIPTS":""}},"serviceConfig":{"environmentVariables":{"FIREBASE_CONFIG":"{\"projectId\":\"qul-food-ai\",\"storageBucket\":\"qul-food-ai.firebasestorage.app\"}","GCLOUD_PROJECT":"qul-food-ai","EVENTARC_CLOUD_EVENT_SOURCE":"projects/qul-food-ai/locations/us-central1/services/testNotification","FUNCTION_TARGET":"testNotification","LOG_EXECUTION_ID":"true"},"ingressSettings":null,"timeoutSeconds":null,"serviceAccountEmail":null,"availableMemory":"256Mi","minInstanceCount":null,"maxInstanceCount":null,"maxInstanceRequestConcurrency":80,"availableCpu":"1","vpcConnector":null,"vpcConnectorEgressSettings":null,"directVpcNetworkInterface":null,"directVpcEgress":null},"labels":{"deployment-tool":"cli-firebase","firebase-functions-hash":"26a72fce7d09065110e8a56294207b335decdc19"}}
[debug] [2026-08-06T06:54:03.574Z] <<< [apiv2][status] POST https://cloudfunctions.googleapis.com/v2/projects/qul-food-ai/locations/us-central1/functions 200
[debug] [2026-08-06T06:54:03.574Z] <<< [apiv2][body] POST https://cloudfunctions.googleapis.com/v2/projects/qul-food-ai/locations/us-central1/functions {"name":"projects/qul-food-ai/locations/us-central1/operations/operation-1785999246815-6585b5aacf1d3-f29e8b5f-625a3b48","metadata":{"@type":"type.googleapis.com/google.cloud.functions.v2.OperationMetadata","createTime":"2026-08-06T06:54:08.525284768Z","target":"projects/qul-food-ai/locations/us-central1/functions/testNotification","verb":"create","cancelRequested":false,"apiVersion":"v2"},"done":false}
[debug] [2026-08-06T06:54:03.575Z] Checked if tokens are valid: true, expires at: 1786002392869
[debug] [2026-08-06T06:54:03.575Z] Checked if tokens are valid: true, expires at: 1786002392869
[debug] [2026-08-06T06:54:03.576Z] >>> [apiv2][query] GET https://cloudfunctions.googleapis.com/v2/projects/qul-food-ai/locations/us-central1/operations/operation-1785999246815-6585b5aacf1d3-f29e8b5f-625a3b48 [none]
[debug] [2026-08-06T06:54:04.641Z] <<< [apiv2][status] GET https://cloudfunctions.googleapis.com/v2/projects/qul-food-ai/locations/us-central1/operations/operation-1785999246815-6585b5aacf1d3-f29e8b5f-625a3b48 200
[debug] [2026-08-06T06:54:04.641Z] <<< [apiv2][body] GET https://cloudfunctions.googleapis.com/v2/projects/qul-food-ai/locations/us-central1/operations/operation-1785999246815-6585b5aacf1d3-f29e8b5f-625a3b48 {"name":"projects/qul-food-ai/locations/us-central1/operations/operation-1785999246815-6585b5aacf1d3-f29e8b5f-625a3b48","metadata":{"@type":"type.googleapis.com/google.cloud.functions.v2.OperationMetadata","createTime":"2026-08-06T06:54:08.525284768Z","target":"projects/qul-food-ai/locations/us-central1/functions/testNotification","verb":"create","cancelRequested":false,"apiVersion":"v2","requestResource":{"@type":"type.googleapis.com/google.cloud.functions.v2.Function","name":"projects/qul-food-ai/locations/us-central1/functions/testNotification","buildConfig":{"runtime":"nodejs24","entryPoint":"testNotification","source":{"storageSource":{"bucket":"gcf-v2-sources-664053366877-us-central1","object":"testNotification/function-source.zip","generation":"1785999247590654"}},"environmentVariables":{"GOOGLE_NODE_RUN_SCRIPTS":""},"serviceAccount":"projects/qul-food-ai/serviceAccounts/664053366877-compute@developer.gserviceaccount.com","automaticUpdatePolicy":{}},"serviceConfig":{"service":"projects/qul-food-ai/locations/us-central1/services/testnotification","timeoutSeconds":60,"environmentVariables":{"FIREBASE_CONFIG":"{\"projectId\":\"qul-food-ai\",\"storageBucket\":\"qul-food-ai.firebasestorage.app\"}","GCLOUD_PROJECT":"qul-food-ai","EVENTARC_CLOUD_EVENT_SOURCE":"projects/qul-food-ai/locations/us-central1/services/testNotification","FUNCTION_TARGET":"testNotification","LOG_EXECUTION_ID":"true"},"ingressSettings":"ALLOW_ALL","serviceAccountEmail":"664053366877-compute@developer.gserviceaccount.com","availableMemory":"256Mi","maxInstanceRequestConcurrency":80,"availableCpu":"1"},"labels":{"deployment-tool":"cli-firebase","firebase-functions-hash":"26a72fce7d09065110e8a56294207b335decdc19"},"environment":"GEN_2"},"stages":[{"name":"BUILD","state":"NOT_STARTED"},{"name":"SERVICE","state":"NOT_STARTED"}],"operationType":"CREATE_FUNCTION"},"done":false}
[debug] [2026-08-06T06:54:05.147Z] [create-default-us-central1-testNotification] Retrying task index 0
[debug] [2026-08-06T06:54:05.147Z] Checked if tokens are valid: true, expires at: 1786002392869
[debug] [2026-08-06T06:54:05.148Z] Checked if tokens are valid: true, expires at: 1786002392869
[debug] [2026-08-06T06:54:05.148Z] >>> [apiv2][query] GET https://cloudfunctions.googleapis.com/v2/projects/qul-food-ai/locations/us-central1/operations/operation-1785999246815-6585b5aacf1d3-f29e8b5f-625a3b48 [none]
[debug] [2026-08-06T06:54:06.232Z] <<< [apiv2][status] GET https://cloudfunctions.googleapis.com/v2/projects/qul-food-ai/locations/us-central1/operations/operation-1785999246815-6585b5aacf1d3-f29e8b5f-625a3b48 200
[debug] [2026-08-06T06:54:06.232Z] <<< [apiv2][body] GET https://cloudfunctions.googleapis.com/v2/projects/qul-food-ai/locations/us-central1/operations/operation-1785999246815-6585b5aacf1d3-f29e8b5f-625a3b48 {"name":"projects/qul-food-ai/locations/us-central1/operations/operation-1785999246815-6585b5aacf1d3-f29e8b5f-625a3b48","metadata":{"@type":"type.googleapis.com/google.cloud.functions.v2.OperationMetadata","createTime":"2026-08-06T06:54:08.525284768Z","target":"projects/qul-food-ai/locations/us-central1/functions/testNotification","verb":"create","cancelRequested":false,"apiVersion":"v2","requestResource":{"@type":"type.googleapis.com/google.cloud.functions.v2.Function","name":"projects/qul-food-ai/locations/us-central1/functions/testNotification","buildConfig":{"runtime":"nodejs24","entryPoint":"testNotification","source":{"storageSource":{"bucket":"gcf-v2-sources-664053366877-us-central1","object":"testNotification/function-source.zip","generation":"1785999247590654"}},"environmentVariables":{"GOOGLE_NODE_RUN_SCRIPTS":""},"serviceAccount":"projects/qul-food-ai/serviceAccounts/664053366877-compute@developer.gserviceaccount.com","automaticUpdatePolicy":{}},"serviceConfig":{"service":"projects/qul-food-ai/locations/us-central1/services/testnotification","timeoutSeconds":60,"environmentVariables":{"FIREBASE_CONFIG":"{\"projectId\":\"qul-food-ai\",\"storageBucket\":\"qul-food-ai.firebasestorage.app\"}","GCLOUD_PROJECT":"qul-food-ai","EVENTARC_CLOUD_EVENT_SOURCE":"projects/qul-food-ai/locations/us-central1/services/testNotification","FUNCTION_TARGET":"testNotification","LOG_EXECUTION_ID":"true"},"ingressSettings":"ALLOW_ALL","serviceAccountEmail":"664053366877-compute@developer.gserviceaccount.com","availableMemory":"256Mi","maxInstanceRequestConcurrency":80,"availableCpu":"1"},"labels":{"deployment-tool":"cli-firebase","firebase-functions-hash":"26a72fce7d09065110e8a56294207b335decdc19"},"environment":"GEN_2"},"stages":[{"name":"BUILD","state":"NOT_STARTED"},{"name":"SERVICE","state":"NOT_STARTED"}],"operationType":"CREATE_FUNCTION"},"done":false}
[debug] [2026-08-06T06:54:07.233Z] [create-default-us-central1-testNotification] Retrying task index 0
[debug] [2026-08-06T06:54:07.233Z] Checked if tokens are valid: true, expires at: 1786002392869
[debug] [2026-08-06T06:54:07.233Z] Checked if tokens are valid: true, expires at: 1786002392869
[debug] [2026-08-06T06:54:07.234Z] >>> [apiv2][query] GET https://cloudfunctions.googleapis.com/v2/projects/qul-food-ai/locations/us-central1/operations/operation-1785999246815-6585b5aacf1d3-f29e8b5f-625a3b48 [none]
[debug] [2026-08-06T06:54:08.315Z] <<< [apiv2][status] GET https://cloudfunctions.googleapis.com/v2/projects/qul-food-ai/locations/us-central1/operations/operation-1785999246815-6585b5aacf1d3-f29e8b5f-625a3b48 200
[debug] [2026-08-06T06:54:08.316Z] <<< [apiv2][body] GET https://cloudfunctions.googleapis.com/v2/projects/qul-food-ai/locations/us-central1/operations/operation-1785999246815-6585b5aacf1d3-f29e8b5f-625a3b48 {"name":"projects/qul-food-ai/locations/us-central1/operations/operation-1785999246815-6585b5aacf1d3-f29e8b5f-625a3b48","metadata":{"@type":"type.googleapis.com/google.cloud.functions.v2.OperationMetadata","createTime":"2026-08-06T06:54:08.525284768Z","target":"projects/qul-food-ai/locations/us-central1/functions/testNotification","verb":"create","cancelRequested":false,"apiVersion":"v2","requestResource":{"@type":"type.googleapis.com/google.cloud.functions.v2.Function","name":"projects/qul-food-ai/locations/us-central1/functions/testNotification","buildConfig":{"runtime":"nodejs24","entryPoint":"testNotification","source":{"storageSource":{"bucket":"gcf-v2-sources-664053366877-us-central1","object":"testNotification/function-source.zip","generation":"1785999247590654"}},"environmentVariables":{"GOOGLE_NODE_RUN_SCRIPTS":""},"serviceAccount":"projects/qul-food-ai/serviceAccounts/664053366877-compute@developer.gserviceaccount.com","automaticUpdatePolicy":{}},"serviceConfig":{"service":"projects/qul-food-ai/locations/us-central1/services/testnotification","timeoutSeconds":60,"environmentVariables":{"FIREBASE_CONFIG":"{\"projectId\":\"qul-food-ai\",\"storageBucket\":\"qul-food-ai.firebasestorage.app\"}","GCLOUD_PROJECT":"qul-food-ai","EVENTARC_CLOUD_EVENT_SOURCE":"projects/qul-food-ai/locations/us-central1/services/testNotification","FUNCTION_TARGET":"testNotification","LOG_EXECUTION_ID":"true"},"ingressSettings":"ALLOW_ALL","serviceAccountEmail":"664053366877-compute@developer.gserviceaccount.com","availableMemory":"256Mi","maxInstanceRequestConcurrency":80,"availableCpu":"1"},"labels":{"deployment-tool":"cli-firebase","firebase-functions-hash":"26a72fce7d09065110e8a56294207b335decdc19"},"environment":"GEN_2"},"stages":[{"name":"BUILD","state":"NOT_STARTED"},{"name":"SERVICE","state":"NOT_STARTED"}],"operationType":"CREATE_FUNCTION"},"done":false}
[debug] [2026-08-06T06:54:10.368Z] [create-default-us-central1-testNotification] Retrying task index 0
[debug] [2026-08-06T06:54:10.369Z] Checked if tokens are valid: true, expires at: 1786002392869
[debug] [2026-08-06T06:54:10.369Z] Checked if tokens are valid: true, expires at: 1786002392869
[debug] [2026-08-06T06:54:10.369Z] >>> [apiv2][query] GET https://cloudfunctions.googleapis.com/v2/projects/qul-food-ai/locations/us-central1/operations/operation-1785999246815-6585b5aacf1d3-f29e8b5f-625a3b48 [none]
[debug] [2026-08-06T06:54:11.413Z] <<< [apiv2][status] GET https://cloudfunctions.googleapis.com/v2/projects/qul-food-ai/locations/us-central1/operations/operation-1785999246815-6585b5aacf1d3-f29e8b5f-625a3b48 200
[debug] [2026-08-06T06:54:11.413Z] <<< [apiv2][body] GET https://cloudfunctions.googleapis.com/v2/projects/qul-food-ai/locations/us-central1/operations/operation-1785999246815-6585b5aacf1d3-f29e8b5f-625a3b48 {"name":"projects/qul-food-ai/locations/us-central1/operations/operation-1785999246815-6585b5aacf1d3-f29e8b5f-625a3b48","metadata":{"@type":"type.googleapis.com/google.cloud.functions.v2.OperationMetadata","createTime":"2026-08-06T06:54:08.525284768Z","target":"projects/qul-food-ai/locations/us-central1/functions/testNotification","verb":"create","cancelRequested":false,"apiVersion":"v2","requestResource":{"@type":"type.googleapis.com/google.cloud.functions.v2.Function","name":"projects/qul-food-ai/locations/us-central1/functions/testNotification","buildConfig":{"runtime":"nodejs24","entryPoint":"testNotification","source":{"storageSource":{"bucket":"gcf-v2-sources-664053366877-us-central1","object":"testNotification/function-source.zip","generation":"1785999247590654"}},"environmentVariables":{"GOOGLE_NODE_RUN_SCRIPTS":""},"serviceAccount":"projects/qul-food-ai/serviceAccounts/664053366877-compute@developer.gserviceaccount.com","automaticUpdatePolicy":{}},"serviceConfig":{"service":"projects/qul-food-ai/locations/us-central1/services/testnotification","timeoutSeconds":60,"environmentVariables":{"FIREBASE_CONFIG":"{\"projectId\":\"qul-food-ai\",\"storageBucket\":\"qul-food-ai.firebasestorage.app\"}","GCLOUD_PROJECT":"qul-food-ai","EVENTARC_CLOUD_EVENT_SOURCE":"projects/qul-food-ai/locations/us-central1/services/testNotification","FUNCTION_TARGET":"testNotification","LOG_EXECUTION_ID":"true"},"ingressSettings":"ALLOW_ALL","serviceAccountEmail":"664053366877-compute@developer.gserviceaccount.com","availableMemory":"256Mi","maxInstanceRequestConcurrency":80,"availableCpu":"1"},"labels":{"deployment-tool":"cli-firebase","firebase-functions-hash":"26a72fce7d09065110e8a56294207b335decdc19"},"environment":"GEN_2"},"stages":[{"name":"BUILD","state":"NOT_STARTED"},{"name":"SERVICE","state":"NOT_STARTED"}],"operationType":"CREATE_FUNCTION"},"done":false}
[debug] [2026-08-06T06:54:15.419Z] [create-default-us-central1-testNotification] Retrying task index 0
[debug] [2026-08-06T06:54:15.420Z] Checked if tokens are valid: true, expires at: 1786002392869
[debug] [2026-08-06T06:54:15.420Z] Checked if tokens are valid: true, expires at: 1786002392869
[debug] [2026-08-06T06:54:15.422Z] >>> [apiv2][query] GET https://cloudfunctions.googleapis.com/v2/projects/qul-food-ai/locations/us-central1/operations/operation-1785999246815-6585b5aacf1d3-f29e8b5f-625a3b48 [none]
[debug] [2026-08-06T06:54:16.547Z] <<< [apiv2][status] GET https://cloudfunctions.googleapis.com/v2/projects/qul-food-ai/locations/us-central1/operations/operation-1785999246815-6585b5aacf1d3-f29e8b5f-625a3b48 200
[debug] [2026-08-06T06:54:16.547Z] <<< [apiv2][body] GET https://cloudfunctions.googleapis.com/v2/projects/qul-food-ai/locations/us-central1/operations/operation-1785999246815-6585b5aacf1d3-f29e8b5f-625a3b48 {"name":"projects/qul-food-ai/locations/us-central1/operations/operation-1785999246815-6585b5aacf1d3-f29e8b5f-625a3b48","metadata":{"@type":"type.googleapis.com/google.cloud.functions.v2.OperationMetadata","createTime":"2026-08-06T06:54:08.525284768Z","target":"projects/qul-food-ai/locations/us-central1/functions/testNotification","verb":"create","cancelRequested":false,"apiVersion":"v2","requestResource":{"@type":"type.googleapis.com/google.cloud.functions.v2.Function","name":"projects/qul-food-ai/locations/us-central1/functions/testNotification","buildConfig":{"runtime":"nodejs24","entryPoint":"testNotification","source":{"storageSource":{"bucket":"gcf-v2-sources-664053366877-us-central1","object":"testNotification/function-source.zip","generation":"1785999247590654"}},"environmentVariables":{"GOOGLE_NODE_RUN_SCRIPTS":""},"serviceAccount":"projects/qul-food-ai/serviceAccounts/664053366877-compute@developer.gserviceaccount.com","automaticUpdatePolicy":{}},"serviceConfig":{"service":"projects/qul-food-ai/locations/us-central1/services/testnotification","timeoutSeconds":60,"environmentVariables":{"FIREBASE_CONFIG":"{\"projectId\":\"qul-food-ai\",\"storageBucket\":\"qul-food-ai.firebasestorage.app\"}","GCLOUD_PROJECT":"qul-food-ai","EVENTARC_CLOUD_EVENT_SOURCE":"projects/qul-food-ai/locations/us-central1/services/testNotification","FUNCTION_TARGET":"testNotification","LOG_EXECUTION_ID":"true"},"ingressSettings":"ALLOW_ALL","serviceAccountEmail":"664053366877-compute@developer.gserviceaccount.com","availableMemory":"256Mi","maxInstanceRequestConcurrency":80,"availableCpu":"1"},"labels":{"deployment-tool":"cli-firebase","firebase-functions-hash":"26a72fce7d09065110e8a56294207b335decdc19"},"environment":"GEN_2"},"stages":[{"name":"BUILD","state":"NOT_STARTED"},{"name":"SERVICE","state":"NOT_STARTED"}],"operationType":"CREATE_FUNCTION"},"done":false}
[debug] [2026-08-06T06:54:24.561Z] [create-default-us-central1-testNotification] Retrying task index 0
[debug] [2026-08-06T06:54:24.562Z] Checked if tokens are valid: true, expires at: 1786002392869
[debug] [2026-08-06T06:54:24.562Z] Checked if tokens are valid: true, expires at: 1786002392869
[debug] [2026-08-06T06:54:24.563Z] >>> [apiv2][query] GET https://cloudfunctions.googleapis.com/v2/projects/qul-food-ai/locations/us-central1/operations/operation-1785999246815-6585b5aacf1d3-f29e8b5f-625a3b48 [none]
[debug] [2026-08-06T06:54:25.692Z] <<< [apiv2][status] GET https://cloudfunctions.googleapis.com/v2/projects/qul-food-ai/locations/us-central1/operations/operation-1785999246815-6585b5aacf1d3-f29e8b5f-625a3b48 200
[debug] [2026-08-06T06:54:25.692Z] <<< [apiv2][body] GET https://cloudfunctions.googleapis.com/v2/projects/qul-food-ai/locations/us-central1/operations/operation-1785999246815-6585b5aacf1d3-f29e8b5f-625a3b48 {"name":"projects/qul-food-ai/locations/us-central1/operations/operation-1785999246815-6585b5aacf1d3-f29e8b5f-625a3b48","metadata":{"@type":"type.googleapis.com/google.cloud.functions.v2.OperationMetadata","createTime":"2026-08-06T06:54:08.525284768Z","target":"projects/qul-food-ai/locations/us-central1/functions/testNotification","verb":"create","cancelRequested":false,"apiVersion":"v2","requestResource":{"@type":"type.googleapis.com/google.cloud.functions.v2.Function","name":"projects/qul-food-ai/locations/us-central1/functions/testNotification","buildConfig":{"runtime":"nodejs24","entryPoint":"testNotification","source":{"storageSource":{"bucket":"gcf-v2-sources-664053366877-us-central1","object":"testNotification/function-source.zip","generation":"1785999247590654"}},"environmentVariables":{"GOOGLE_NODE_RUN_SCRIPTS":""},"serviceAccount":"projects/qul-food-ai/serviceAccounts/664053366877-compute@developer.gserviceaccount.com","automaticUpdatePolicy":{}},"serviceConfig":{"service":"projects/qul-food-ai/locations/us-central1/services/testnotification","timeoutSeconds":60,"environmentVariables":{"FIREBASE_CONFIG":"{\"projectId\":\"qul-food-ai\",\"storageBucket\":\"qul-food-ai.firebasestorage.app\"}","GCLOUD_PROJECT":"qul-food-ai","EVENTARC_CLOUD_EVENT_SOURCE":"projects/qul-food-ai/locations/us-central1/services/testNotification","FUNCTION_TARGET":"testNotification","LOG_EXECUTION_ID":"true"},"ingressSettings":"ALLOW_ALL","serviceAccountEmail":"664053366877-compute@developer.gserviceaccount.com","availableMemory":"256Mi","maxInstanceRequestConcurrency":80,"availableCpu":"1"},"labels":{"deployment-tool":"cli-firebase","firebase-functions-hash":"26a72fce7d09065110e8a56294207b335decdc19"},"environment":"GEN_2"},"stages":[{"name":"BUILD","message":"Build in progress","state":"IN_PROGRESS","resource":"projects/664053366877/locations/us-central1/builds/51a70587-3657-4d0c-a2a5-483556905dc0","resourceUri":"https://console.cloud.google.com/cloud-build/builds;region=us-central1/51a70587-3657-4d0c-a2a5-483556905dc0?project=664053366877"},{"name":"SERVICE","state":"NOT_STARTED"}],"operationType":"CREATE_FUNCTION","buildName":"projects/664053366877/locations/us-central1/builds/51a70587-3657-4d0c-a2a5-483556905dc0"},"done":false}
[debug] [2026-08-06T06:54:35.779Z] [create-default-us-central1-testNotification] Retrying task index 0
[debug] [2026-08-06T06:54:35.781Z] Checked if tokens are valid: true, expires at: 1786002392869
[debug] [2026-08-06T06:54:35.781Z] Checked if tokens are valid: true, expires at: 1786002392869
[debug] [2026-08-06T06:54:35.781Z] >>> [apiv2][query] GET https://cloudfunctions.googleapis.com/v2/projects/qul-food-ai/locations/us-central1/operations/operation-1785999246815-6585b5aacf1d3-f29e8b5f-625a3b48 [none]
[debug] [2026-08-06T06:54:37.274Z] <<< [apiv2][status] GET https://cloudfunctions.googleapis.com/v2/projects/qul-food-ai/locations/us-central1/operations/operation-1785999246815-6585b5aacf1d3-f29e8b5f-625a3b48 200
[debug] [2026-08-06T06:54:37.274Z] <<< [apiv2][body] GET https://cloudfunctions.googleapis.com/v2/projects/qul-food-ai/locations/us-central1/operations/operation-1785999246815-6585b5aacf1d3-f29e8b5f-625a3b48 {"name":"projects/qul-food-ai/locations/us-central1/operations/operation-1785999246815-6585b5aacf1d3-f29e8b5f-625a3b48","metadata":{"@type":"type.googleapis.com/google.cloud.functions.v2.OperationMetadata","createTime":"2026-08-06T06:54:08.525284768Z","target":"projects/qul-food-ai/locations/us-central1/functions/testNotification","verb":"create","cancelRequested":false,"apiVersion":"v2","requestResource":{"@type":"type.googleapis.com/google.cloud.functions.v2.Function","name":"projects/qul-food-ai/locations/us-central1/functions/testNotification","buildConfig":{"runtime":"nodejs24","entryPoint":"testNotification","source":{"storageSource":{"bucket":"gcf-v2-sources-664053366877-us-central1","object":"testNotification/function-source.zip","generation":"1785999247590654"}},"environmentVariables":{"GOOGLE_NODE_RUN_SCRIPTS":""},"serviceAccount":"projects/qul-food-ai/serviceAccounts/664053366877-compute@developer.gserviceaccount.com","automaticUpdatePolicy":{}},"serviceConfig":{"service":"projects/qul-food-ai/locations/us-central1/services/testnotification","timeoutSeconds":60,"environmentVariables":{"FIREBASE_CONFIG":"{\"projectId\":\"qul-food-ai\",\"storageBucket\":\"qul-food-ai.firebasestorage.app\"}","GCLOUD_PROJECT":"qul-food-ai","EVENTARC_CLOUD_EVENT_SOURCE":"projects/qul-food-ai/locations/us-central1/services/testNotification","FUNCTION_TARGET":"testNotification","LOG_EXECUTION_ID":"true"},"ingressSettings":"ALLOW_ALL","serviceAccountEmail":"664053366877-compute@developer.gserviceaccount.com","availableMemory":"256Mi","maxInstanceRequestConcurrency":80,"availableCpu":"1"},"labels":{"deployment-tool":"cli-firebase","firebase-functions-hash":"26a72fce7d09065110e8a56294207b335decdc19"},"environment":"GEN_2"},"stages":[{"name":"BUILD","message":"Build in progress","state":"IN_PROGRESS","resource":"projects/664053366877/locations/us-central1/builds/51a70587-3657-4d0c-a2a5-483556905dc0","resourceUri":"https://console.cloud.google.com/cloud-build/builds;region=us-central1/51a70587-3657-4d0c-a2a5-483556905dc0?project=664053366877"},{"name":"SERVICE","state":"NOT_STARTED"}],"operationType":"CREATE_FUNCTION","buildName":"projects/664053366877/locations/us-central1/builds/51a70587-3657-4d0c-a2a5-483556905dc0"},"done":false}
[debug] [2026-08-06T06:54:47.275Z] [create-default-us-central1-testNotification] Retrying task index 0
[debug] [2026-08-06T06:54:47.276Z] Checked if tokens are valid: true, expires at: 1786002392869
[debug] [2026-08-06T06:54:47.276Z] Checked if tokens are valid: true, expires at: 1786002392869
[debug] [2026-08-06T06:54:47.276Z] >>> [apiv2][query] GET https://cloudfunctions.googleapis.com/v2/projects/qul-food-ai/locations/us-central1/operations/operation-1785999246815-6585b5aacf1d3-f29e8b5f-625a3b48 [none]
[debug] [2026-08-06T06:54:48.438Z] <<< [apiv2][status] GET https://cloudfunctions.googleapis.com/v2/projects/qul-food-ai/locations/us-central1/operations/operation-1785999246815-6585b5aacf1d3-f29e8b5f-625a3b48 200
[debug] [2026-08-06T06:54:48.438Z] <<< [apiv2][body] GET https://cloudfunctions.googleapis.com/v2/projects/qul-food-ai/locations/us-central1/operations/operation-1785999246815-6585b5aacf1d3-f29e8b5f-625a3b48 {"name":"projects/qul-food-ai/locations/us-central1/operations/operation-1785999246815-6585b5aacf1d3-f29e8b5f-625a3b48","metadata":{"@type":"type.googleapis.com/google.cloud.functions.v2.OperationMetadata","createTime":"2026-08-06T06:54:08.525284768Z","target":"projects/qul-food-ai/locations/us-central1/functions/testNotification","verb":"create","cancelRequested":false,"apiVersion":"v2","requestResource":{"@type":"type.googleapis.com/google.cloud.functions.v2.Function","name":"projects/qul-food-ai/locations/us-central1/functions/testNotification","buildConfig":{"runtime":"nodejs24","entryPoint":"testNotification","source":{"storageSource":{"bucket":"gcf-v2-sources-664053366877-us-central1","object":"testNotification/function-source.zip","generation":"1785999247590654"}},"environmentVariables":{"GOOGLE_NODE_RUN_SCRIPTS":""},"serviceAccount":"projects/qul-food-ai/serviceAccounts/664053366877-compute@developer.gserviceaccount.com","automaticUpdatePolicy":{}},"serviceConfig":{"service":"projects/qul-food-ai/locations/us-central1/services/testnotification","timeoutSeconds":60,"environmentVariables":{"FIREBASE_CONFIG":"{\"projectId\":\"qul-food-ai\",\"storageBucket\":\"qul-food-ai.firebasestorage.app\"}","GCLOUD_PROJECT":"qul-food-ai","EVENTARC_CLOUD_EVENT_SOURCE":"projects/qul-food-ai/locations/us-central1/services/testNotification","FUNCTION_TARGET":"testNotification","LOG_EXECUTION_ID":"true"},"ingressSettings":"ALLOW_ALL","serviceAccountEmail":"664053366877-compute@developer.gserviceaccount.com","availableMemory":"256Mi","maxInstanceRequestConcurrency":80,"availableCpu":"1"},"labels":{"deployment-tool":"cli-firebase","firebase-functions-hash":"26a72fce7d09065110e8a56294207b335decdc19"},"environment":"GEN_2"},"stages":[{"name":"BUILD","message":"Build in progress","state":"IN_PROGRESS","resource":"projects/664053366877/locations/us-central1/builds/51a70587-3657-4d0c-a2a5-483556905dc0","resourceUri":"https://console.cloud.google.com/cloud-build/builds;region=us-central1/51a70587-3657-4d0c-a2a5-483556905dc0?project=664053366877"},{"name":"SERVICE","state":"NOT_STARTED"}],"operationType":"CREATE_FUNCTION","buildName":"projects/664053366877/locations/us-central1/builds/51a70587-3657-4d0c-a2a5-483556905dc0"},"done":false}
[debug] [2026-08-06T06:54:58.445Z] [create-default-us-central1-testNotification] Retrying task index 0
[debug] [2026-08-06T06:54:58.445Z] Checked if tokens are valid: true, expires at: 1786002392869
[debug] [2026-08-06T06:54:58.445Z] Checked if tokens are valid: true, expires at: 1786002392869
[debug] [2026-08-06T06:54:58.446Z] >>> [apiv2][query] GET https://cloudfunctions.googleapis.com/v2/projects/qul-food-ai/locations/us-central1/operations/operation-1785999246815-6585b5aacf1d3-f29e8b5f-625a3b48 [none]
[debug] [2026-08-06T06:54:59.681Z] <<< [apiv2][status] GET https://cloudfunctions.googleapis.com/v2/projects/qul-food-ai/locations/us-central1/operations/operation-1785999246815-6585b5aacf1d3-f29e8b5f-625a3b48 200
[debug] [2026-08-06T06:54:59.681Z] <<< [apiv2][body] GET https://cloudfunctions.googleapis.com/v2/projects/qul-food-ai/locations/us-central1/operations/operation-1785999246815-6585b5aacf1d3-f29e8b5f-625a3b48 {"name":"projects/qul-food-ai/locations/us-central1/operations/operation-1785999246815-6585b5aacf1d3-f29e8b5f-625a3b48","metadata":{"@type":"type.googleapis.com/google.cloud.functions.v2.OperationMetadata","createTime":"2026-08-06T06:54:08.525284768Z","target":"projects/qul-food-ai/locations/us-central1/functions/testNotification","verb":"create","cancelRequested":false,"apiVersion":"v2","requestResource":{"@type":"type.googleapis.com/google.cloud.functions.v2.Function","name":"projects/qul-food-ai/locations/us-central1/functions/testNotification","buildConfig":{"runtime":"nodejs24","entryPoint":"testNotification","source":{"storageSource":{"bucket":"gcf-v2-sources-664053366877-us-central1","object":"testNotification/function-source.zip","generation":"1785999247590654"}},"environmentVariables":{"GOOGLE_NODE_RUN_SCRIPTS":""},"serviceAccount":"projects/qul-food-ai/serviceAccounts/664053366877-compute@developer.gserviceaccount.com","automaticUpdatePolicy":{}},"serviceConfig":{"service":"projects/qul-food-ai/locations/us-central1/services/testnotification","timeoutSeconds":60,"environmentVariables":{"FIREBASE_CONFIG":"{\"projectId\":\"qul-food-ai\",\"storageBucket\":\"qul-food-ai.firebasestorage.app\"}","GCLOUD_PROJECT":"qul-food-ai","EVENTARC_CLOUD_EVENT_SOURCE":"projects/qul-food-ai/locations/us-central1/services/testNotification","FUNCTION_TARGET":"testNotification","LOG_EXECUTION_ID":"true"},"ingressSettings":"ALLOW_ALL","serviceAccountEmail":"664053366877-compute@developer.gserviceaccount.com","availableMemory":"256Mi","maxInstanceRequestConcurrency":80,"availableCpu":"1"},"labels":{"deployment-tool":"cli-firebase","firebase-functions-hash":"26a72fce7d09065110e8a56294207b335decdc19"},"environment":"GEN_2"},"stages":[{"name":"BUILD","message":"Build in progress","state":"IN_PROGRESS","resource":"projects/664053366877/locations/us-central1/builds/51a70587-3657-4d0c-a2a5-483556905dc0","resourceUri":"https://console.cloud.google.com/cloud-build/builds;region=us-central1/51a70587-3657-4d0c-a2a5-483556905dc0?project=664053366877"},{"name":"SERVICE","state":"NOT_STARTED"}],"operationType":"CREATE_FUNCTION","buildName":"projects/664053366877/locations/us-central1/builds/51a70587-3657-4d0c-a2a5-483556905dc0"},"done":false}
[debug] [2026-08-06T06:55:09.681Z] [create-default-us-central1-testNotification] Retrying task index 0
[debug] [2026-08-06T06:55:09.681Z] Checked if tokens are valid: true, expires at: 1786002392869
[debug] [2026-08-06T06:55:09.682Z] Checked if tokens are valid: true, expires at: 1786002392869
[debug] [2026-08-06T06:55:09.682Z] >>> [apiv2][query] GET https://cloudfunctions.googleapis.com/v2/projects/qul-food-ai/locations/us-central1/operations/operation-1785999246815-6585b5aacf1d3-f29e8b5f-625a3b48 [none]
[debug] [2026-08-06T06:55:10.786Z] <<< [apiv2][status] GET https://cloudfunctions.googleapis.com/v2/projects/qul-food-ai/locations/us-central1/operations/operation-1785999246815-6585b5aacf1d3-f29e8b5f-625a3b48 200
[debug] [2026-08-06T06:55:10.786Z] <<< [apiv2][body] GET https://cloudfunctions.googleapis.com/v2/projects/qul-food-ai/locations/us-central1/operations/operation-1785999246815-6585b5aacf1d3-f29e8b5f-625a3b48 {"name":"projects/qul-food-ai/locations/us-central1/operations/operation-1785999246815-6585b5aacf1d3-f29e8b5f-625a3b48","metadata":{"@type":"type.googleapis.com/google.cloud.functions.v2.OperationMetadata","createTime":"2026-08-06T06:54:08.525284768Z","target":"projects/qul-food-ai/locations/us-central1/functions/testNotification","verb":"create","cancelRequested":false,"apiVersion":"v2","requestResource":{"@type":"type.googleapis.com/google.cloud.functions.v2.Function","name":"projects/qul-food-ai/locations/us-central1/functions/testNotification","buildConfig":{"runtime":"nodejs24","entryPoint":"testNotification","source":{"storageSource":{"bucket":"gcf-v2-sources-664053366877-us-central1","object":"testNotification/function-source.zip","generation":"1785999247590654"}},"environmentVariables":{"GOOGLE_NODE_RUN_SCRIPTS":""},"serviceAccount":"projects/qul-food-ai/serviceAccounts/664053366877-compute@developer.gserviceaccount.com","automaticUpdatePolicy":{}},"serviceConfig":{"service":"projects/qul-food-ai/locations/us-central1/services/testnotification","timeoutSeconds":60,"environmentVariables":{"FIREBASE_CONFIG":"{\"projectId\":\"qul-food-ai\",\"storageBucket\":\"qul-food-ai.firebasestorage.app\"}","GCLOUD_PROJECT":"qul-food-ai","EVENTARC_CLOUD_EVENT_SOURCE":"projects/qul-food-ai/locations/us-central1/services/testNotification","FUNCTION_TARGET":"testNotification","LOG_EXECUTION_ID":"true"},"ingressSettings":"ALLOW_ALL","serviceAccountEmail":"664053366877-compute@developer.gserviceaccount.com","availableMemory":"256Mi","maxInstanceRequestConcurrency":80,"availableCpu":"1"},"labels":{"deployment-tool":"cli-firebase","firebase-functions-hash":"26a72fce7d09065110e8a56294207b335decdc19"},"environment":"GEN_2"},"stages":[{"name":"BUILD","message":"Build finished","state":"COMPLETE","resource":"projects/664053366877/locations/us-central1/builds/51a70587-3657-4d0c-a2a5-483556905dc0","resourceUri":"https://console.cloud.google.com/cloud-build/builds;region=us-central1/51a70587-3657-4d0c-a2a5-483556905dc0?project=664053366877"},{"name":"SERVICE","message":"Creating Cloud Run service","state":"IN_PROGRESS","resource":"projects/qul-food-ai/locations/us-central1/services/testnotification","resourceUri":"https://console.cloud.google.com/run/detail/us-central1/testnotification?project=qul-food-ai"}],"sourceToken":"Cldwcm9qZWN0cy82NjQwNTMzNjY4NzcvbG9jYXRpb25zL3VzLWNlbnRyYWwxL2J1aWxkcy81MWE3MDU4Ny0zNjU3LTRkMGMtYTJhNS00ODM1NTY5MDVkYzASbXVzLWNlbnRyYWwxLWRvY2tlci5wa2cuZGV2L3F1bC1mb29kLWFpL2djZi1hcnRpZmFjdHMvcXVsLS1mb29kLS1haV9fdXMtLWNlbnRyYWwxX190ZXN0X25vdGlmaWNhdGlvbjp2ZXJzaW9uXzEY3YCp5akTIkVwcm9qZWN0cy9xdWwtZm9vZC1haS9sb2NhdGlvbnMvdXMtY2VudHJhbDEvZnVuY3Rpb25zL3Rlc3ROb3RpZmljYXRpb24qDAjN39DTBhD4wfqcATIIbm9kZWpzMjQ6dgojZ2NyLmlvL2dhZS1ydW50aW1lcy9ub2RlanMyNDpzdGFibGUST3VzLWNlbnRyYWwxLWRvY2tlci5wa2cuZGV2L3NlcnZlcmxlc3MtcnVudGltZXMvZ29vZ2xlLTI0LWZ1bGwvcnVudGltZXMvbm9kZWpzMjRAAQ==","operationType":"CREATE_FUNCTION","buildName":"projects/664053366877/locations/us-central1/builds/51a70587-3657-4d0c-a2a5-483556905dc0"},"done":false}
[debug] [2026-08-06T06:55:10.786Z] Got source token Cldwcm9qZWN0cy82NjQwNTMzNjY4NzcvbG9jYXRpb25zL3VzLWNlbnRyYWwxL2J1aWxkcy81MWE3MDU4Ny0zNjU3LTRkMGMtYTJhNS00ODM1NTY5MDVkYzASbXVzLWNlbnRyYWwxLWRvY2tlci5wa2cuZGV2L3F1bC1mb29kLWFpL2djZi1hcnRpZmFjdHMvcXVsLS1mb29kLS1haV9fdXMtLWNlbnRyYWwxX190ZXN0X25vdGlmaWNhdGlvbjp2ZXJzaW9uXzEY3YCp5akTIkVwcm9qZWN0cy9xdWwtZm9vZC1haS9sb2NhdGlvbnMvdXMtY2VudHJhbDEvZnVuY3Rpb25zL3Rlc3ROb3RpZmljYXRpb24qDAjN39DTBhD4wfqcATIIbm9kZWpzMjQ6dgojZ2NyLmlvL2dhZS1ydW50aW1lcy9ub2RlanMyNDpzdGFibGUST3VzLWNlbnRyYWwxLWRvY2tlci5wa2cuZGV2L3NlcnZlcmxlc3MtcnVudGltZXMvZ29vZ2xlLTI0LWZ1bGwvcnVudGltZXMvbm9kZWpzMjRAAQ== for region us-central1
[debug] [2026-08-06T06:55:20.816Z] [create-default-us-central1-testNotification] Retrying task index 0
[debug] [2026-08-06T06:55:20.818Z] Checked if tokens are valid: true, expires at: 1786002392869
[debug] [2026-08-06T06:55:20.818Z] Checked if tokens are valid: true, expires at: 1786002392869
[debug] [2026-08-06T06:55:20.818Z] >>> [apiv2][query] GET https://cloudfunctions.googleapis.com/v2/projects/qul-food-ai/locations/us-central1/operations/operation-1785999246815-6585b5aacf1d3-f29e8b5f-625a3b48 [none]
[debug] [2026-08-06T06:55:21.918Z] <<< [apiv2][status] GET https://cloudfunctions.googleapis.com/v2/projects/qul-food-ai/locations/us-central1/operations/operation-1785999246815-6585b5aacf1d3-f29e8b5f-625a3b48 200
[debug] [2026-08-06T06:55:21.918Z] <<< [apiv2][body] GET https://cloudfunctions.googleapis.com/v2/projects/qul-food-ai/locations/us-central1/operations/operation-1785999246815-6585b5aacf1d3-f29e8b5f-625a3b48 {"name":"projects/qul-food-ai/locations/us-central1/operations/operation-1785999246815-6585b5aacf1d3-f29e8b5f-625a3b48","metadata":{"@type":"type.googleapis.com/google.cloud.functions.v2.OperationMetadata","createTime":"2026-08-06T06:54:08.525284768Z","endTime":"2026-08-06T06:55:16.991122485Z","target":"projects/qul-food-ai/locations/us-central1/functions/testNotification","verb":"create","cancelRequested":false,"apiVersion":"v2","requestResource":{"@type":"type.googleapis.com/google.cloud.functions.v2.Function","name":"projects/qul-food-ai/locations/us-central1/functions/testNotification","buildConfig":{"runtime":"nodejs24","entryPoint":"testNotification","source":{"storageSource":{"bucket":"gcf-v2-sources-664053366877-us-central1","object":"testNotification/function-source.zip","generation":"1785999247590654"}},"environmentVariables":{"GOOGLE_NODE_RUN_SCRIPTS":""},"serviceAccount":"projects/qul-food-ai/serviceAccounts/664053366877-compute@developer.gserviceaccount.com","automaticUpdatePolicy":{}},"serviceConfig":{"service":"projects/qul-food-ai/locations/us-central1/services/testnotification","timeoutSeconds":60,"environmentVariables":{"FIREBASE_CONFIG":"{\"projectId\":\"qul-food-ai\",\"storageBucket\":\"qul-food-ai.firebasestorage.app\"}","GCLOUD_PROJECT":"qul-food-ai","EVENTARC_CLOUD_EVENT_SOURCE":"projects/qul-food-ai/locations/us-central1/services/testNotification","FUNCTION_TARGET":"testNotification","LOG_EXECUTION_ID":"true"},"ingressSettings":"ALLOW_ALL","serviceAccountEmail":"664053366877-compute@developer.gserviceaccount.com","availableMemory":"256Mi","maxInstanceRequestConcurrency":80,"availableCpu":"1"},"labels":{"deployment-tool":"cli-firebase","firebase-functions-hash":"26a72fce7d09065110e8a56294207b335decdc19"},"environment":"GEN_2"},"stages":[{"name":"BUILD","message":"Build finished","state":"COMPLETE","resource":"projects/664053366877/locations/us-central1/builds/51a70587-3657-4d0c-a2a5-483556905dc0","resourceUri":"https://console.cloud.google.com/cloud-build/builds;region=us-central1/51a70587-3657-4d0c-a2a5-483556905dc0?project=664053366877"},{"name":"SERVICE","message":"Creating Cloud Run service","state":"COMPLETE","resource":"projects/qul-food-ai/locations/us-central1/services/testnotification","resourceUri":"https://console.cloud.google.com/run/detail/us-central1/testnotification?project=qul-food-ai"}],"sourceToken":"Cldwcm9qZWN0cy82NjQwNTMzNjY4NzcvbG9jYXRpb25zL3VzLWNlbnRyYWwxL2J1aWxkcy81MWE3MDU4Ny0zNjU3LTRkMGMtYTJhNS00ODM1NTY5MDVkYzASbXVzLWNlbnRyYWwxLWRvY2tlci5wa2cuZGV2L3F1bC1mb29kLWFpL2djZi1hcnRpZmFjdHMvcXVsLS1mb29kLS1haV9fdXMtLWNlbnRyYWwxX190ZXN0X25vdGlmaWNhdGlvbjp2ZXJzaW9uXzEY3YCp5akTIkVwcm9qZWN0cy9xdWwtZm9vZC1haS9sb2NhdGlvbnMvdXMtY2VudHJhbDEvZnVuY3Rpb25zL3Rlc3ROb3RpZmljYXRpb24qDAjN39DTBhD4wfqcATIIbm9kZWpzMjQ6dgojZ2NyLmlvL2dhZS1ydW50aW1lcy9ub2RlanMyNDpzdGFibGUST3VzLWNlbnRyYWwxLWRvY2tlci5wa2cuZGV2L3NlcnZlcmxlc3MtcnVudGltZXMvZ29vZ2xlLTI0LWZ1bGwvcnVudGltZXMvbm9kZWpzMjRAAQ==","operationType":"CREATE_FUNCTION","buildName":"projects/664053366877/locations/us-central1/builds/51a70587-3657-4d0c-a2a5-483556905dc0"},"done":true,"response":{"@type":"type.googleapis.com/google.cloud.functions.v2.Function","name":"projects/qul-food-ai/locations/us-central1/functions/testNotification","buildConfig":{"build":"projects/664053366877/locations/us-central1/builds/51a70587-3657-4d0c-a2a5-483556905dc0","runtime":"nodejs24","entryPoint":"testNotification","source":{"storageSource":{"bucket":"gcf-v2-sources-664053366877-us-central1","object":"testNotification/function-source.zip","generation":"1785999247590654"}},"environmentVariables":{"GOOGLE_NODE_RUN_SCRIPTS":""},"dockerRepository":"projects/qul-food-ai/locations/us-central1/repositories/gcf-artifacts","sourceProvenance":{"resolvedStorageSource":{"bucket":"gcf-v2-sources-664053366877-us-central1","object":"testNotification/function-source.zip","generation":"1785999247590654"}},"dockerRegistry":"ARTIFACT_REGISTRY","serviceAccount":"projects/qul-food-ai/serviceAccounts/664053366877-compute@developer.gserviceaccount.com","automaticUpdatePolicy":{}},"serviceConfig":{"service":"projects/qul-food-ai/locations/us-central1/services/testnotification","timeoutSeconds":60,"environmentVariables":{"FIREBASE_CONFIG":"{\"projectId\":\"qul-food-ai\",\"storageBucket\":\"qul-food-ai.firebasestorage.app\"}","GCLOUD_PROJECT":"qul-food-ai","EVENTARC_CLOUD_EVENT_SOURCE":"projects/qul-food-ai/locations/us-central1/services/testNotification","FUNCTION_TARGET":"testNotification","LOG_EXECUTION_ID":"true"},"ingressSettings":"ALLOW_ALL","uri":"https://testnotification-ft4adbf67a-uc.a.run.app","serviceAccountEmail":"664053366877-compute@developer.gserviceaccount.com","availableMemory":"256Mi","allTrafficOnLatestRevision":true,"revision":"testnotification-00001-vub","maxInstanceRequestConcurrency":80,"availableCpu":"1"},"state":"ACTIVE","updateTime":"2026-08-06T06:54:08.517669617Z","labels":{"deployment-tool":"cli-firebase","firebase-functions-hash":"26a72fce7d09065110e8a56294207b335decdc19"},"environment":"GEN_2","url":"https://us-central1-qul-food-ai.cloudfunctions.net/testNotification","createTime":"2026-08-06T06:54:08.517669617Z","satisfiesPzi":true}}
[debug] [2026-08-06T06:55:21.919Z] Got source token Cldwcm9qZWN0cy82NjQwNTMzNjY4NzcvbG9jYXRpb25zL3VzLWNlbnRyYWwxL2J1aWxkcy81MWE3MDU4Ny0zNjU3LTRkMGMtYTJhNS00ODM1NTY5MDVkYzASbXVzLWNlbnRyYWwxLWRvY2tlci5wa2cuZGV2L3F1bC1mb29kLWFpL2djZi1hcnRpZmFjdHMvcXVsLS1mb29kLS1haV9fdXMtLWNlbnRyYWwxX190ZXN0X25vdGlmaWNhdGlvbjp2ZXJzaW9uXzEY3YCp5akTIkVwcm9qZWN0cy9xdWwtZm9vZC1haS9sb2NhdGlvbnMvdXMtY2VudHJhbDEvZnVuY3Rpb25zL3Rlc3ROb3RpZmljYXRpb24qDAjN39DTBhD4wfqcATIIbm9kZWpzMjQ6dgojZ2NyLmlvL2dhZS1ydW50aW1lcy9ub2RlanMyNDpzdGFibGUST3VzLWNlbnRyYWwxLWRvY2tlci5wa2cuZGV2L3NlcnZlcmxlc3MtcnVudGltZXMvZ29vZ2xlLTI0LWZ1bGwvcnVudGltZXMvbm9kZWpzMjRAAQ== for region us-central1
[debug] [2026-08-06T06:55:21.920Z] Checked if tokens are valid: true, expires at: 1786002392869
[debug] [2026-08-06T06:55:21.920Z] Checked if tokens are valid: true, expires at: 1786002392869
[debug] [2026-08-06T06:55:21.920Z] >>> [apiv2][query] POST https://run.googleapis.com/v1/projects/qul-food-ai/locations/us-central1/services/testnotification:setIamPolicy [none]
[debug] [2026-08-06T06:55:21.920Z] >>> [apiv2][body] POST https://run.googleapis.com/v1/projects/qul-food-ai/locations/us-central1/services/testnotification:setIamPolicy {"policy":{"bindings":[{"role":"roles/run.invoker","members":["allUsers"]}],"etag":"","version":3},"updateMask":"bindings,etag,version"}
[debug] [2026-08-06T06:55:23.153Z] <<< [apiv2][status] POST https://run.googleapis.com/v1/projects/qul-food-ai/locations/us-central1/services/testnotification:setIamPolicy 200
[debug] [2026-08-06T06:55:23.154Z] <<< [apiv2][body] POST https://run.googleapis.com/v1/projects/qul-food-ai/locations/us-central1/services/testnotification:setIamPolicy {"version":1,"etag":"BwZYW1+ElUw=","bindings":[{"role":"roles/run.invoker","members":["allUsers"]}]}
[info] +  functions[testNotification(us-central1)] Successful create operation. 
[debug] [2026-08-06T06:55:23.563Z] Total Function Deployment time: 82686
[debug] [2026-08-06T06:55:23.563Z] 1 Functions Deployed
[debug] [2026-08-06T06:55:23.563Z] 0 Functions Errored
[debug] [2026-08-06T06:55:23.564Z] 0 Function Deployments Aborted
[debug] [2026-08-06T06:55:23.564Z] Average Function Deployment time: 82567
[info] Function URL (testNotification(us-central1)): https://us-central1-qul-food-ai.cloudfunctions.net/testNotification
[debug] [2026-08-06T06:55:23.777Z] Checked if tokens are valid: true, expires at: 1786002392869
[debug] [2026-08-06T06:55:23.777Z] Checked if tokens are valid: true, expires at: 1786002392869
[debug] [2026-08-06T06:55:23.777Z] >>> [apiv2][query] GET https://artifactregistry.googleapis.com/v1/projects/qul-food-ai/locations/us-central1/repositories/gcf-artifacts [none]
[debug] [2026-08-06T06:55:24.988Z] <<< [apiv2][status] GET https://artifactregistry.googleapis.com/v1/projects/qul-food-ai/locations/us-central1/repositories/gcf-artifacts 200
[debug] [2026-08-06T06:55:24.989Z] <<< [apiv2][body] GET https://artifactregistry.googleapis.com/v1/projects/qul-food-ai/locations/us-central1/repositories/gcf-artifacts {"name":"projects/qul-food-ai/locations/us-central1/repositories/gcf-artifacts","format":"DOCKER","description":"This repository is created and used by Cloud Functions for storing function docker images.","labels":{"goog-managed-by":"cloudfunctions"},"createTime":"2026-08-06T06:54:21.074610Z","updateTime":"2026-08-06T06:55:06.628103Z","mode":"STANDARD_REPOSITORY","sizeBytes":"103886747","vulnerabilityScanningConfig":{"lastEnableTime":"2026-08-06T06:54:08.731174467Z","enablementState":"SCANNING_DISABLED","enablementStateReason":"API containerscanning.googleapis.com is not enabled."},"satisfiesPzi":true,"registryUri":"us-central1-docker.pkg.dev/qul-food-ai/gcf-artifacts"}
[warn] !  functions: No cleanup policy detected for repositories in us-central1. This may result in a small monthly bill as container images accumulate over time. 
